1. на листе stores после 150 магазина нумерация идет в формета Nномер. При этом на листах sales эти номера без N
2. Отступы на листах Челябинск, Омск, Красноярск, Пермь, Тюмень, Ижевск, Барнаул, Томск, Оренбург, Кемерово
3. В Перми в каждую неделю кол-во продаж стоит 1, в других городах цифра значительно больше
4. 150 ТТ повторяется (150 и N150)
5. Сдвиг строк в таблице stores - когда начали появляться индексы с N, столбцы сдивнулись влево на 1